{
  "N": 2,
  "M": 2,
  "executionTime": 0.000000,
  "history": [
    { "iter": 0, "logLikelihood": -5.799252 },
    { "iter": 1, "logLikelihood": -0.949089 },
    { "iter": 2, "logLikelihood": -0.266722 },
    { "iter": 3, "logLikelihood": -0.031295 },
    { "iter": 4, "logLikelihood": -0.000485 },
    { "iter": 5, "logLikelihood": -0.000000 },
    { "iter": 6, "logLikelihood": -0.000000 },
    { "iter": 7, "logLikelihood": 0.000000 },
    { "iter": 8, "logLikelihood": 0.000000 },
    { "iter": 9, "logLikelihood": 0.000000 },
    { "iter": 10, "logLikelihood": 0.000000 },
    { "iter": 11, "logLikelihood": 0.000000 },
    { "iter": 12, "logLikelihood": 0.000000 },
    { "iter": 13, "logLikelihood": 0.000000 },
    { "iter": 14, "logLikelihood": 0.000000 },
    { "iter": 15, "logLikelihood": 0.000000 },
    { "iter": 16, "logLikelihood": 0.000000 },
    { "iter": 17, "logLikelihood": 0.000000 },
    { "iter": 18, "logLikelihood": 0.000000 },
    { "iter": 19, "logLikelihood": 0.000000 },
    { "iter": 20, "logLikelihood": 0.000000 },
    { "iter": 21, "logLikelihood": 0.000000 },
    { "iter": 22, "logLikelihood": 0.000000 },
    { "iter": 23, "logLikelihood": 0.000000 },
    { "iter": 24, "logLikelihood": 0.000000 },
    { "iter": 25, "logLikelihood": 0.000000 },
    { "iter": 26, "logLikelihood": 0.000000 },
    { "iter": 27, "logLikelihood": 0.000000 },
    { "iter": 28, "logLikelihood": 0.000000 },
    { "iter": 29, "logLikelihood": 0.000000 },
    { "iter": 30, "logLikelihood": 0.000000 },
    { "iter": 31, "logLikelihood": 0.000000 },
    { "iter": 32, "logLikelihood": 0.000000 },
    { "iter": 33, "logLikelihood": 0.000000 },
    { "iter": 34, "logLikelihood": 0.000000 },
    { "iter": 35, "logLikelihood": 0.000000 },
    { "iter": 36, "logLikelihood": 0.000000 },
    { "iter": 37, "logLikelihood": 0.000000 },
    { "iter": 38, "logLikelihood": 0.000000 },
    { "iter": 39, "logLikelihood": 0.000000 },
    { "iter": 40, "logLikelihood": 0.000000 },
    { "iter": 41, "logLikelihood": 0.000000 },
    { "iter": 42, "logLikelihood": 0.000000 },
    { "iter": 43, "logLikelihood": 0.000000 },
    { "iter": 44, "logLikelihood": 0.000000 },
    { "iter": 45, "logLikelihood": 0.000000 },
    { "iter": 46, "logLikelihood": 0.000000 },
    { "iter": 47, "logLikelihood": 0.000000 },
    { "iter": 48, "logLikelihood": 0.000000 },
    { "iter": 49, "logLikelihood": 0.000000 }
  ],
  "A": [
    [0.000000, 1.000000],
    [1.000000, 0.000000]
  ],
  "B": [
    [1.000000, 0.000000],
    [0.000000, 1.000000]
  ],
  "Pi": [1.000000, 0.000000]
}
